mode: set
github.com/abdul756/deploysure-ai/sample-app/internal/handlers/orders.go:28.2,32.1 1 1
github.com/abdul756/deploysure-ai/sample-app/internal/handlers/orders.go:38.2,38.32 1 1
github.com/abdul756/deploysure-ai/sample-app/internal/handlers/orders.go:39.3,41.1 2 1
github.com/abdul756/deploysure-ai/sample-app/internal/handlers/orders.go:43.2,44.1 3 1
github.com/abdul756/deploysure-ai/sample-app/internal/handlers/orders.go:45.2,46.58 3 1
github.com/abdul756/deploysure-ai/sample-app/internal/handlers/orders.go:47.3,49.1 2 0
github.com/abdul756/deploysure-ai/sample-app/internal/handlers/readiness.go:16.2,16.32 1 1
github.com/abdul756/deploysure-ai/sample-app/internal/handlers/readiness.go:17.3,19.1 2 1
github.com/abdul756/deploysure-ai/sample-app/internal/handlers/readiness.go:21.2,22.60 2 1
github.com/abdul756/deploysure-ai/sample-app/internal/handlers/router.go:23.2,24.1 4 1
github.com/abdul756/deploysure-ai/sample-app/internal/handlers/router.go:25.2,27.1 4 1
github.com/abdul756/deploysure-ai/sample-app/internal/handlers/router.go:30.2,31.1 4 1
github.com/abdul756/deploysure-ai/sample-app/internal/handlers/router.go:36.2,36.71 1 1
github.com/abdul756/deploysure-ai/sample-app/internal/handlers/router.go:37.3,42.1 4 1
github.com/abdul756/deploysure-ai/sample-app/internal/handlers/router.go:55.2,57.1 2 1
github.com/abdul756/deploysure-ai/sample-app/cmd/server/main.go:19.2,20.16 2 0
github.com/abdul756/deploysure-ai/sample-app/cmd/server/main.go:21.3,22.1 1 0
github.com/abdul756/deploysure-ai/sample-app/cmd/server/main.go:27.2,28.17 2 0
github.com/abdul756/deploysure-ai/sample-app/cmd/server/main.go:29.3,30.1 1 0
github.com/abdul756/deploysure-ai/sample-app/cmd/server/main.go:32.2,33.20 2 0
github.com/abdul756/deploysure-ai/sample-app/cmd/server/main.go:34.3,35.1 1 0
github.com/abdul756/deploysure-ai/sample-app/cmd/server/main.go:37.2,38.1 3 0
github.com/abdul756/deploysure-ai/sample-app/cmd/server/main.go:39.2,45.1 3 0
github.com/abdul756/deploysure-ai/sample-app/cmd/server/main.go:48.2,48.12 3 0
github.com/abdul756/deploysure-ai/sample-app/cmd/server/main.go:49.3,50.77 2 0
github.com/abdul756/deploysure-ai/sample-app/cmd/server/main.go:51.4,52.1 1 0
github.com/abdul756/deploysure-ai/sample-app/cmd/server/main.go:56.2,59.1 7 0
github.com/abdul756/deploysure-ai/sample-app/cmd/server/main.go:60.2,61.1 7 0
github.com/abdul756/deploysure-ai/sample-app/cmd/server/main.go:62.2,64.1 7 0
github.com/abdul756/deploysure-ai/sample-app/cmd/server/main.go:65.2,65.42 7 0
github.com/abdul756/deploysure-ai/sample-app/cmd/server/main.go:66.3,67.1 1 0
github.com/abdul756/deploysure-ai/sample-app/cmd/server/main.go:69.2,69.46 1 0
